Info: Starting: Create block symbol file (.bsf)
Info: qsys-generate D:\2024\FPGA\codeFPGAL_LIB\IP_USART\IP_RS232.qsys --block-symbol-file --output-directory=D:\2024\FPGA\codeFPGAL_LIB\IP_USART\IP_RS232 --family="Cyclone IV E" --part=EP4CE115F29C7
Progress: Loading IP_USART/IP_RS232.qsys
Progress: Reading input file
Progress: Adding rs232_0 [altera_up_avalon_rs232 17.1]
Progress: Parameterizing module rs232_0
Progress: Building connections
Progress: Parameterizing connections
Progress: Validating
Progress: Done reading input file
Info: qsys-generate succeeded.
Info: Finished: Create block symbol file (.bsf)
Info: 
Info: Starting: Create HDL design files for synthesis
Info: qsys-generate D:\2024\FPGA\codeFPGAL_LIB\IP_USART\IP_RS232.qsys --synthesis=VERILOG --output-directory=D:\2024\FPGA\codeFPGAL_LIB\IP_USART\IP_RS232\synthesis --family="Cyclone IV E" --part=EP4CE115F29C7
Progress: Loading IP_USART/IP_RS232.qsys
Progress: Reading input file
Progress: Adding rs232_0 [altera_up_avalon_rs232 17.1]
Progress: Parameterizing module rs232_0
Progress: Building connections
Progress: Parameterizing connections
Progress: Validating
Progress: Done reading input file
Info: IP_RS232: Generating IP_RS232 "IP_RS232" for QUARTUS_SYNTH
Info: rs232_0: Starting Generation of RS232 UART
Error: rs232_0: The input clock frequency must be known at generation time.
Info: rs232_0: "IP_RS232" instantiated altera_up_avalon_rs232 "rs232_0"
Info: IP_RS232: Done "IP_RS232" with 2 modules, 6 files
Error: qsys-generate failed with exit code 1: 1 Error, 0 Warnings
Info: Finished: Create HDL design files for synthesis
