------------------------------------------------------------
TimeQuest Timing Analyzer Summary
------------------------------------------------------------

Type  : Slow 1200mV 85C Model Setup 'clock_50mhz'
Slack : -3.364
TNS   : -25.862

Type  : Slow 1200mV 85C Model Setup 'clock'
Slack : -0.795
TNS   : -10.054

Type  : Slow 1200mV 85C Model Hold 'clock'
Slack : 0.404
TNS   : 0.000

Type  : Slow 1200mV 85C Model Hold 'clock_50mhz'
Slack : 0.654
TNS   : 0.000

Type  : Slow 1200mV 85C Model Minimum Pulse Width 'clock_50mhz'
Slack : -3.000
TNS   : -23.560

Type  : Slow 1200mV 85C Model Minimum Pulse Width 'clock'
Slack : -1.285
TNS   : -25.700

Type  : Slow 1200mV 0C Model Setup 'clock_50mhz'
Slack : -3.050
TNS   : -21.853

Type  : Slow 1200mV 0C Model Setup 'clock'
Slack : -0.633
TNS   : -7.251

Type  : Slow 1200mV 0C Model Hold 'clock'
Slack : 0.355
TNS   : 0.000

Type  : Slow 1200mV 0C Model Hold 'clock_50mhz'
Slack : 0.597
TNS   : 0.000

Type  : Slow 1200mV 0C Model Minimum Pulse Width 'clock_50mhz'
Slack : -3.000
TNS   : -23.560

Type  : Slow 1200mV 0C Model Minimum Pulse Width 'clock'
Slack : -1.285
TNS   : -25.700

Type  : Fast 1200mV 0C Model Setup 'clock_50mhz'
Slack : -1.222
TNS   : -4.804

Type  : Fast 1200mV 0C Model Setup 'clock'
Slack : 0.105
TNS   : 0.000

Type  : Fast 1200mV 0C Model Hold 'clock'
Slack : 0.182
TNS   : 0.000

Type  : Fast 1200mV 0C Model Hold 'clock_50mhz'
Slack : 0.299
TNS   : 0.000

Type  : Fast 1200mV 0C Model Minimum Pulse Width 'clock_50mhz'
Slack : -3.000
TNS   : -19.960

Type  : Fast 1200mV 0C Model Minimum Pulse Width 'clock'
Slack : -1.000
TNS   : -20.000

------------------------------------------------------------
